<?xml version="1.0" encoding="UTF-8"?>
<testsuites>
  <testsuite name="unit" tests="1" assertions="1" errors="0" warnings="0" failures="0" skipped="0" time="0.013241">
    <testsuite name="Elbformat\SymfonyBehatBundle\Tests\BundleTest" file="/var/www/tests/BundleTest.php" tests="1" assertions="1" errors="0" warnings="0" failures="0" skipped="0" time="0.013241">
      <testcase name="testBuild" class="Elbformat\SymfonyBehatBundle\Tests\BundleTest" classname="Elbformat.SymfonyBehatBundle.Tests.BundleTest" file="/var/www/tests/BundleTest.php" line="17" assertions="1" time="0.013241"/>
    </testsuite>
  </testsuite>
</testsuites>
